[done] users: 200000  merchants: 13796  tx: 2000000
[done] tx/user: mean=10.0 min=3 max=58
[done] user types: {'normal': np.int64(158006), 'heavy': np.int64(13892), 'remote': np.int64(10030), 'risky_noisy': np.int64(6088), 'normal_hard': np.int64(3993), 'risky': np.int64(3973), 'risky_silent': np.int64(2022), 'mixed': np.int64(1996)}
# Laporan Scoring Tahap 1

Skor rule-based vs ground truth generator (evaluasi saja).

## Mean FinalUserRisk per tipe user

| tipe | n | mean final | mean T-user | pattern |
|---|---|---|---|---|
| heavy | 13892 | 19.5 | 11.1 | 32.3 |
| mixed | 1996 | 26.6 | 23.7 | 31.0 |
| normal | 158006 | 14.7 | 9.4 | 22.5 |
| normal_hard | 3993 | 26.9 | 24.4 | 30.6 |
| remote | 10030 | 31.0 | 26.7 | 37.6 |
| risky | 3973 | 51.8 | 45.8 | 60.7 |
| risky_noisy | 6088 | 47.0 | 42.0 | 54.4 |
| risky_silent | 2022 | 22.3 | 19.3 | 26.7 |

## Distribusi alert level per tipe

| tipe | normal | monitor | needs_review | high_risk | total |
|---|---|---|---|---|---|
| heavy | 13892 | 0 | 0 | 0 | 13892 |
| mixed | 1291 | 686 | 17 | 2 | 1996 |
| normal | 158006 | 0 | 0 | 0 | 158006 |
| normal_hard | 2881 | 1108 | 4 | 0 | 3993 |
| remote | 4016 | 5919 | 95 | 0 | 10030 |
| risky | 232 | 106 | 1174 | 2461 | 3973 |
| risky_noisy | 541 | 582 | 3670 | 1295 | 6088 |
| risky_silent | 2022 | 0 | 0 | 0 | 2022 |

## Precision@2000 (top-2000 skor tertinggi)

proporsi risky+mixed: 0.739

## False positive check

remote_user di high_risk: 0 / 10030 (harusnya mendekati 0 - jarak jauh sendirian bukti tidak cukup, AGENTS.md 3/16)

# Laporan Isolation Forest (Tahap 2)

Unsupervised anomaly score vs rule score vs ground truth generator.

## Anomaly score per tipe user

| tipe | n | mean | p50 | p95 | flag(-1) |
|---|---|---|---|---|---|
| heavy | 13892 | -0.139 | -0.14 | -0.092 | 0 |
| mixed | 1996 | -0.159 | -0.158 | -0.05 | 22 |
| normal | 158006 | -0.271 | -0.282 | -0.193 | 4 |
| normal_hard | 3993 | -0.118 | -0.115 | -0.038 | 12 |
| remote | 10030 | -0.119 | -0.122 | -0.025 | 114 |
| risky | 3973 | 0.028 | 0.029 | 0.074 | 3301 |
| risky_noisy | 6088 | -0.051 | -0.052 | 0.011 | 547 |
| risky_silent | 2022 | -0.102 | -0.099 | -0.052 | 0 |

## Precision@K: Isolation Forest vs Rule-based

| K | iforest | rule |
|---|---|---|
| 100 | 1.000 | 1.000 |
| 500 | 1.000 | 0.980 |
| 1000 | 0.991 | 0.902 |
| 2000 | 0.963 | 0.739 |
| 4000 | 0.831 | 0.646 |

## PR-AUC (ground truth = risky)

Isolation Forest: 0.9152
Rule-based:       0.7036

## Agreement top-4000

overlap: 3062 / 4000

